Testing waste detector...
ERROR: No module named 'google.generativeai'
